{
  "Description": "Integration Test for aws-events-rule-kinesisstream",
  "Resources": {
    "testeventsrulekinesisstreamKinesisStream969B0ACC": {
      "Type": "AWS::Kinesis::Stream",
      "Properties": {
        "ShardCount": 1,
        "RetentionPeriodHours": 24,
        "StreamEncryption": {
          "EncryptionType": "KMS",
          "KeyId": "alias/aws/kinesis"
        }
      }
    },
    "testeventsrulekinesisstreameventsRole6E6DBF4D": {
      "Type": "AWS::IAM::Role",
      "Properties": {
        "AssumeRolePolicyDocument": {
          "Statement": [
            {
              "Action": "sts:AssumeRole",
              "Effect": "Allow",
              "Principal": {
                "Service": "events.amazonaws.com"
              }
            }
          ],
          "Version": "2012-10-17"
        },
        "Description": "Events Rule Role"
      }
    },
    "testeventsrulekinesisstreameventsRoleDefaultPolicy1918648D": {
      "Type": "AWS::IAM::Policy",
      "Properties": {
        "PolicyDocument": {
          "Statement": [
            {
              "Action": [
                "kinesis:ListShards",
                "kinesis:PutRecord",
                "kinesis:PutRecords"
              ],
              "Effect": "Allow",
              "Resource": {
                "Fn::GetAtt": [
                  "testeventsrulekinesisstreamKinesisStream969B0ACC",
                  "Arn"
                ]
              }
            }
          ],
          "Version": "2012-10-17"
        },
        "PolicyName": "testeventsrulekinesisstreameventsRoleDefaultPolicy1918648D",
        "Roles": [
          {
            "Ref": "testeventsrulekinesisstreameventsRole6E6DBF4D"
          }
        ]
      }
    },
    "testeventsrulekinesisstreamEventsRule4154831A": {
      "Type": "AWS::Events::Rule",
      "Properties": {
        "ScheduleExpression": "rate(5 minutes)",
        "State": "ENABLED",
        "Targets": [
          {
            "Arn": {
              "Fn::GetAtt": [
                "testeventsrulekinesisstreamKinesisStream969B0ACC",
                "Arn"
              ]
            },
            "Id": "Target0",
            "RoleArn": {
              "Fn::GetAtt": [
                "testeventsrulekinesisstreameventsRole6E6DBF4D",
                "Arn"
              ]
            }
          }
        ]
      }
    }
  }
}